O:\OneDrive\Code\IntelliJ\Timmons\.\src\test\java\org\DataStructures\AppTest.java
O:\OneDrive\Code\IntelliJ\Timmons\.\src\test\java\org\DataStructures\Parser_Test.java
O:\OneDrive\Code\IntelliJ\Timmons\src\test\java\org\DataStructures\RecordSetTest.java
O:\OneDrive\Code\IntelliJ\Timmons\src\test\java\org\DataStructures\TestGArrayList.java
O:\OneDrive\Code\IntelliJ\Timmons\src\test\java\org\DataStructures\FileGenerator_Test.java
O:\OneDrive\Code\IntelliJ\Timmons\src\test\java\org\DataStructures\GaussTest.java
O:\OneDrive\Code\IntelliJ\Timmons\src\test\java\org\DataStructures\QSort_Test.java
O:\OneDrive\Code\IntelliJ\Timmons\.\src\test\java\org\DataStructures\DataTest.java
O:\OneDrive\Code\IntelliJ\Timmons\src\test\java\org\DataStructures\AppTest.java
O:\OneDrive\Code\IntelliJ\Timmons\.\src\test\java\org\DataStructures\InsertionSort_Test.java
O:\OneDrive\Code\IntelliJ\Timmons\.\src\test\java\org\DataStructures\FileGenerator_Test.java
O:\OneDrive\Code\IntelliJ\Timmons\.\src\test\java\org\DataStructures\TestGArrayList.java
O:\OneDrive\Code\IntelliJ\Timmons\src\test\java\org\DataStructures\DataTest.java
O:\OneDrive\Code\IntelliJ\Timmons\src\test\java\org\DataStructures\InsertionSort_Test.java
O:\OneDrive\Code\IntelliJ\Timmons\src\test\java\org\DataStructures\Parser_Test.java
O:\OneDrive\Code\IntelliJ\Timmons\.\src\test\java\org\DataStructures\GaussTest.java
O:\OneDrive\Code\IntelliJ\Timmons\.\src\test\java\org\DataStructures\QSort_Test.java
O:\OneDrive\Code\IntelliJ\Timmons\.\src\test\java\org\DataStructures\RecordSetTest.java
