org\DataStructures\Stack$Node.class
org\DataStructures\QSParams$Pivot.class
org\DataStructures\SimpleTimer.class
org\DataStructures\Gauss.class
org\DataStructures\InsertionSort.class
org\DataStructures\DataSet.class
org\DataStructures\QuickSort$Pivot.class
org\DataStructures\QSParams$1.class
org\DataStructures\DataType.class
org\DataStructures\FileGenerator$1.class
org\DataStructures\App.class
org\DataStructures\RecordSet.class
org\DataStructures\DataSet$DataListSetIterator.class
org\DataStructures\DataSet$Results.class
org\DataStructures\QSParams.class
org\DataStructures\DataSet$DataSetIterator.class
org\DataStructures\Stack.class
org\DataStructures\GArrayList.class
org\DataStructures\QuickSort.class
org\DataStructures\Sys.class
org\DataStructures\GArrayList$ListItr.class
org\DataStructures\QSort.class
org\DataStructures\QSParams$PivotMethods.class
org\DataStructures\FileGenerator.class
org\DataStructures\QuickSort$PivotK1.class
org\DataStructures\Reporter.class
org\DataStructures\GArrayList$Itr.class
