O:\OneDrive\Code\IntelliJ\Timmons\.\src\main\org\DataStructures\SimpleTimer.java
O:\OneDrive\Code\IntelliJ\Timmons\src\main\org\DataStructures\Gauss.java
O:\OneDrive\Code\IntelliJ\Timmons\src\main\org\DataStructures\SimpleTimer.java
O:\OneDrive\Code\IntelliJ\Timmons\.\src\main\org\DataStructures\FileGenerator.java
O:\OneDrive\Code\IntelliJ\Timmons\src\main\org\DataStructures\Reporter.java
O:\OneDrive\Code\IntelliJ\Timmons\.\src\main\org\DataStructures\DataSet.java
O:\OneDrive\Code\IntelliJ\Timmons\.\src\main\org\DataStructures\RecordSet.java
O:\OneDrive\Code\IntelliJ\Timmons\.\src\main\org\DataStructures\GArrayList.java
O:\OneDrive\Code\IntelliJ\Timmons\.\src\main\org\DataStructures\Sys.java
O:\OneDrive\Code\IntelliJ\Timmons\.\src\main\org\DataStructures\Stack.java
O:\OneDrive\Code\IntelliJ\Timmons\src\main\org\DataStructures\App.java
O:\OneDrive\Code\IntelliJ\Timmons\src\main\org\DataStructures\FileGenerator.java
O:\OneDrive\Code\IntelliJ\Timmons\src\main\org\DataStructures\QSort.java
O:\OneDrive\Code\IntelliJ\Timmons\.\src\main\org\DataStructures\QSort.java
O:\OneDrive\Code\IntelliJ\Timmons\src\main\org\DataStructures\DataType.java
O:\OneDrive\Code\IntelliJ\Timmons\.\src\main\org\DataStructures\Reporter.java
O:\OneDrive\Code\IntelliJ\Timmons\src\main\org\DataStructures\GArrayList.java
O:\OneDrive\Code\IntelliJ\Timmons\src\main\org\DataStructures\InsertionSort.java
O:\OneDrive\Code\IntelliJ\Timmons\.\src\main\org\DataStructures\Gauss.java
O:\OneDrive\Code\IntelliJ\Timmons\src\main\org\DataStructures\RecordSet.java
O:\OneDrive\Code\IntelliJ\Timmons\.\src\main\org\DataStructures\QSParams.java
O:\OneDrive\Code\IntelliJ\Timmons\.\src\main\org\DataStructures\QuickSort.java
O:\OneDrive\Code\IntelliJ\Timmons\.\src\main\org\DataStructures\InsertionSort.java
O:\OneDrive\Code\IntelliJ\Timmons\src\main\org\DataStructures\Stack.java
O:\OneDrive\Code\IntelliJ\Timmons\src\main\org\DataStructures\Sys.java
O:\OneDrive\Code\IntelliJ\Timmons\.\src\main\org\DataStructures\DataType.java
O:\OneDrive\Code\IntelliJ\Timmons\.\src\main\org\DataStructures\App.java
O:\OneDrive\Code\IntelliJ\Timmons\src\main\org\DataStructures\DataSet.java
O:\OneDrive\Code\IntelliJ\Timmons\src\main\org\DataStructures\QSParams.java
O:\OneDrive\Code\IntelliJ\Timmons\src\main\org\DataStructures\QuickSort.java
